// Jest Snapshot v1, https://goo.gl/fbAQLP

exports[`Plans Container should have default states 1`] = `
<div>
  <h2 />
  <section
    className="ingredients-receiving-edit"
  />
  <button
    onClick={[Function]}
  >
    Next Page
  </button>
</div>
`;

exports[`Plans Container should match snapshot with inventory path 1`] = `
<div>
  <h2 />
  <section
    className="ingredients-receiving-edit"
  />
  <button
    onClick={[Function]}
  >
    Next Page
  </button>
</div>
`;

exports[`Plans Container should match snapshot with packaging path 1`] = `
<div>
  <h2 />
  <section
    className="ingredients-receiving-edit"
  />
  <button
    onClick={[Function]}
  >
    Next Page
  </button>
</div>
`;

exports[`Plans Container should match snapshot with processing path 1`] = `
<div>
  <h2 />
  <section
    className="ingredients-receiving-edit"
  />
  <button
    onClick={[Function]}
  >
    Next Page
  </button>
</div>
`;

exports[`Plans Container should match snapshot with receiving path 1`] = `
<div>
  <h2 />
  <section
    className="ingredients-receiving-edit"
  />
  <button
    onClick={[Function]}
  >
    Next Page
  </button>
</div>
`;

exports[`Plans should match snapshot with inventory path 1`] = `
<div>
  <h2 />
  <section
    className="ingredients-receiving-edit"
  />
  <button
    onClick={[Function]}
  >
    Next Page
  </button>
</div>
`;

exports[`Plans should match snapshot with packaging path 1`] = `
<div>
  <h2 />
  <section
    className="ingredients-receiving-edit"
  />
  <button
    onClick={[Function]}
  >
    Next Page
  </button>
</div>
`;

exports[`Plans should match snapshot with processing path 1`] = `
<div>
  <h2 />
  <section
    className="ingredients-receiving-edit"
  />
  <button
    onClick={[Function]}
  >
    Next Page
  </button>
</div>
`;

exports[`Plans should match snapshot with receiving path 1`] = `
<div>
  <h2 />
  <section
    className="ingredients-receiving-edit"
  />
  <button
    onClick={[Function]}
  >
    Next Page
  </button>
</div>
`;
