// Jest Snapshot v1, https://goo.gl/fbAQLP

exports[`Login Component should match snapshot 1`] = `
<div>
  <h2>
    Login
  </h2>
  <form
    onSubmit={[Function]}
  >
    <input
      name="email"
      onChange={[Function]}
      value=""
    />
    <input
      name="password"
      onChange={[Function]}
      value=""
    />
    <button>
      Log In
    </button>
  </form>
</div>
`;
