// Jest Snapshot v1, https://goo.gl/fbAQLP

exports[`Navbar Component should match snapshot 1`] = `
<div
  className="navbar"
>
  <NavLink
    activeClassName="active"
    aria-current="page"
    className="link"
    to="/dashboard"
  >
    Dashboard
  </NavLink>
  <NavLink
    activeClassName="active"
    aria-current="page"
    className="link"
    to="/plans/ingredients"
  >
    Ingredients
  </NavLink>
  <NavLink
    activeClassName="active"
    aria-current="page"
    className="link"
    to="/plans/receiving"
  >
    Receiving
  </NavLink>
  <NavLink
    activeClassName="active"
    aria-current="page"
    className="link"
    to="/plans/inventory"
  >
    Inventory
  </NavLink>
  <NavLink
    activeClassName="active"
    aria-current="page"
    className="link"
    to="/plans/processing"
  >
    Processing
  </NavLink>
  <NavLink
    activeClassName="active"
    aria-current="page"
    className="link"
    to="/plans/packaging"
  >
    Packaging
  </NavLink>
  <NavLink
    activeClassName="active"
    aria-current="page"
    className="link"
    to="/plans/summary"
  >
    Summary
  </NavLink>
</div>
`;
