// Jest Snapshot v1, https://goo.gl/fbAQLP

exports[`Routes should match snapshot 1`] = `
<div>
  <Route
    component={[Function]}
    exact={true}
    path="/"
  />
  <Route
    component={[Function]}
    exact={true}
    path="/login"
  />
  <Route
    component={[Function]}
    exact={true}
    path="/signup"
  />
  <Route
    component={[Function]}
    exact={true}
    path="/profile"
  />
  <Route
    component={[Function]}
    exact={true}
    path="/dashboard"
  />
  <Route
    component={[Function]}
    exact={true}
    path="/companyinfo"
  />
  <Route
    component={[Function]}
    exact={true}
    path="/products"
  />
  <Route
    component={[Function]}
    path="/plans"
  />
  <Route
    component={[Function]}
    exact={true}
    path="/plans/ingredients"
  />
  <Route
    component={[Function]}
    exact={true}
    path="/plans/receiving"
  />
  <Route
    component={[Function]}
    exact={true}
    path="/plans/inventory"
  />
  <Route
    component={[Function]}
    exact={true}
    path="/plans/processing"
  />
  <Route
    component={[Function]}
    exact={true}
    path="/plans/packaging"
  />
  <Route
    component={[Function]}
    exact={true}
    path="/plans/summary"
  />
</div>
`;
