// Jest Snapshot v1, https://goo.gl/fbAQLP

exports[`IngredientsForm Component should match snapshot 1`] = `
<div>
  <section
    className="ingredients"
  />
  <form
    className="form"
  >
    <TextField
      id="standard-dense"
      label="Ingredient name"
      name="ingredientName"
      onChange={[Function]}
      required={true}
      select={false}
      value=""
      variant="standard"
    />
    <WithStyles(Button)
      onClick={[Function]}
      variant="contained"
    >
      <pure(AddIcon)
        style={
          Object {
            "color": "forestgreen",
            "marginRight": "0.2rem",
          }
        }
      />
      Add Ingredient
    </WithStyles(Button)>
  </form>
</div>
`;
