// Jest Snapshot v1, https://goo.gl/fbAQLP

exports[`CompanyInfo should match snapshot 1`] = `
<div
  className="signup-container"
>
  <h2
    className="signup-header"
  >
    Enter your company details
  </h2>
  <form
    className="signup-form"
    onSubmit={[Function]}
  >
    <input
      name="name"
      onChange={[Function]}
      placeholder="company name"
      value=""
    />
    <input
      name="address"
      onChange={[Function]}
      placeholder="address"
      value=""
    />
    <input
      name="phone"
      onChange={[Function]}
      placeholder="phone"
      value=""
    />
    <input
      name="team_member_1_name"
      onChange={[Function]}
      placeholder="team member name"
      value=""
    />
    <input
      name="team_member_1_title"
      onChange={[Function]}
      placeholder="team member title"
      value=""
    />
    <button
      className="signin-button"
    >
      Next Page
    </button>
  </form>
</div>
`;
