// Jest Snapshot v1, https://goo.gl/fbAQLP

exports[`Summary should match snapshot 1`] = `
<div
  className="summary-container"
>
  <div
    className="summary-info-header"
  >
    <div
      className="summary-product-header"
    >
      <h1
        className="summary-header"
      >
        HACCP Plan
      </h1>
      <h2
        className="summary-company-name"
      />
      <h2
        className="summary-product-name"
      />
    </div>
    <div
      className="summary-product-header"
    >
      <p />
      <p />
      <p />
      <p />
      <p />
    </div>
  </div>
  <table>
    <tr>
      <th>
        Ingredient
      </th>
      <th>
        Receiving
      </th>
      <th>
        Storage
      </th>
      <th>
        Processing
      </th>
      <th>
        Packaging
      </th>
    </tr>
  </table>
  <button
    onClick={[Function]}
  >
    Print
  </button>
</div>
`;
