// Jest Snapshot v1, https://goo.gl/fbAQLP

exports[`Products should match snapshot 1`] = `
<div>
  <h2>
    Products
  </h2>
  <form>
    <input
      name="name"
      onChange={[Function]}
      placeholder="Product name"
      value=""
    />
    <button
      onClick={[Function]}
    >
      Save & Continue
    </button>
  </form>
</div>
`;
