// Jest Snapshot v1, https://goo.gl/fbAQLP

exports[`Products should match snapshot 1`] = `
<div
  className="new-products"
>
  <h2>
    Add new product
  </h2>
  <form
    onSubmit={[Function]}
  >
    <input
      name="name"
      onChange={[Function]}
      placeholder="Product name"
      value=""
    />
    <button
      className="add-new-product"
    >
      Save & Continue
    </button>
  </form>
</div>
`;
