// Jest Snapshot v1, https://goo.gl/fbAQLP

exports[`HazardPlan Component should match snapshot 1`] = `
<form
  className="hazard-plan"
>
  <div>
    <h2>
      undefined info
    </h2>
  </div>
  <div>
    <h2>
      Hazard control points
    </h2>
    <label>
      <input
        name="gen_dna"
        onChange={[Function]}
        type="checkbox"
        value={false}
      />
      Does not apply
    </label>
    <label>
      <input
        name="gen_hazard_chem"
        onChange={[Function]}
        type="checkbox"
        value={false}
      />
      Chemical
    </label>
    <label>
      <input
        name="gen_hazard_phys"
        onChange={[Function]}
        type="checkbox"
        value={false}
      />
      Physical
    </label>
    <label>
      <input
        name="gen_hazard_bio"
        onChange={[Function]}
        type="checkbox"
        value={false}
      />
      Biological
    </label>
    <input
      name="gen_hazard_handling"
      onChange={[Function]}
      placeholder="Type plan here"
      value=""
    />
    <input
      name="gen_other"
      onChange={[Function]}
      placeholder="Type notes here"
      value=""
    />
  </div>
</form>
`;
