// Jest Snapshot v1, https://goo.gl/fbAQLP

exports[`ProductContainer should match snapshot 1`] = `
<div>
  <Component
    displaySummary={[Function]}
    editInventory={[Function]}
    editProcessing={[Function]}
    editReceiving={[Function]}
    editShipping={[Function]}
    name="MeatSticks"
  />
</div>
`;
