// Jest Snapshot v1, https://goo.gl/fbAQLP

exports[`Signup Component should match snapshot 1`] = `
<div
  className="signup"
>
  <h2>
    Signup
  </h2>
  <form
    onSubmit={[Function]}
  >
    <input
      name="email"
      onChange={[Function]}
      placeholder="Email"
      value=""
    />
    <input
      name="password"
      onChange={[Function]}
      placeholder="Password"
      value=""
    />
    <button>
      Sign Up
    </button>
  </form>
  <p>
    Already have an account: 
  </p>
  <button
    onClick={[Function]}
  >
    Log In
  </button>
</div>
`;
