// Jest Snapshot v1, https://goo.gl/fbAQLP

exports[`Signup Component should match snapshot 1`] = `
<div>
  <h2>
    Signup
  </h2>
  <form
    onSubmit={[Function]}
  >
    <TextField
      id="standard-dense"
      label="Company Name"
      name="name"
      onChange={[Function]}
      required={true}
      select={false}
      value=""
      variant="standard"
    />
    <TextField
      id="standard-dense"
      label="Email"
      name="email"
      onChange={[Function]}
      required={true}
      select={false}
      value=""
      variant="standard"
    />
    <TextField
      id="outlined-password-input"
      label="Password"
      name="password"
      onChange={[Function]}
      required={true}
      select={false}
      type="password"
      value=""
      variant="outlined"
    />
    <button>
      Sign Up
    </button>
  </form>
  <p>
    Already have an account: 
  </p>
  <button
    onClick={[Function]}
  >
    Log In
  </button>
</div>
`;
