// Jest Snapshot v1, https://goo.gl/fbAQLP

exports[`Ingredients should match snapshot 1`] = `
<div
  className="ingredients"
>
  <h2>
    Ingredients
  </h2>
  <IngredientsForm
    handleNewIngredient={[Function]}
    ingredients={Array []}
  />
  <button
    className="save-continue"
    onClick={[Function]}
  >
    save & continue
  </button>
</div>
`;
